  capacity: labels recomputed from the simulation -- all equal
  capacity PRIVILEGED__oracle_s7: 14s
  capacity PRIVILEGED__oracle_s17: 15s
  capacity PRIVILEGED__oracle_s27: 14s
  capacity PRIVILEGED__oracle_s37: 14s
  capacity PRIVILEGED__oracle_s47: 15s
  capacity PRIVILEGED__oracle_state_s7: 9s
  capacity PRIVILEGED__oracle_state_s17: 9s
  capacity PRIVILEGED__oracle_state_s27: 11s
  capacity PRIVILEGED__oracle_state_s37: 10s
  capacity PRIVILEGED__oracle_state_s47: 9s
  capacity PRIVILEGED__hindsight_load_s7: 6s
  capacity PRIVILEGED__hindsight_load_s17: 6s
  capacity PRIVILEGED__hindsight_load_s27: 6s
  capacity PRIVILEGED__hindsight_load_s37: 6s
  capacity PRIVILEGED__hindsight_load_s47: 7s
done; torch never imported
  arrival: labels recomputed from the simulation -- all equal
  arrival PRIVILEGED__oracle_s7: 2s
  arrival PRIVILEGED__oracle_s17: 3s
  arrival PRIVILEGED__oracle_s27: 2s
  arrival PRIVILEGED__oracle_s37: 3s
  arrival PRIVILEGED__oracle_s47: 3s
  arrival PRIVILEGED__oracle_state_s7: 2s
  arrival PRIVILEGED__oracle_state_s17: 2s
  arrival PRIVILEGED__oracle_state_s27: 2s
  arrival PRIVILEGED__oracle_state_s37: 2s
  arrival PRIVILEGED__oracle_state_s47: 2s
  arrival PRIVILEGED__hindsight_load_s7: 2s
  arrival PRIVILEGED__hindsight_load_s17: 2s
  arrival PRIVILEGED__hindsight_load_s27: 2s
  arrival PRIVILEGED__hindsight_load_s37: 2s
  arrival PRIVILEGED__hindsight_load_s47: 2s
done; torch never imported
  fill: labels recomputed from the simulation -- all equal
  fill PRIVILEGED__oracle_s7: 37s
  fill PRIVILEGED__oracle_s17: 34s
  fill PRIVILEGED__oracle_s27: 40s
  fill PRIVILEGED__oracle_s37: 37s
  fill PRIVILEGED__oracle_s47: 34s
  fill PRIVILEGED__oracle_state_s7: 14s
  fill PRIVILEGED__oracle_state_s17: 14s
  fill PRIVILEGED__oracle_state_s27: 14s
  fill PRIVILEGED__oracle_state_s37: 13s
  fill PRIVILEGED__oracle_state_s47: 13s
  fill PRIVILEGED__hindsight_load_s7: 14s
  fill PRIVILEGED__hindsight_load_s17: 20s
  fill PRIVILEGED__hindsight_load_s27: 20s
  fill PRIVILEGED__hindsight_load_s37: 19s
  fill PRIVILEGED__hindsight_load_s47: 23s
done; torch never imported
